[INFO] Scanning for projects...
[INFO] ------------------------------------------------------------------------
[INFO] Reactor Build Order:
[INFO] 
[INFO] Behaviour Simulation Platform                                      [pom]
[INFO] Common Module                                                      [jar]
[INFO] Control Plane                                                      [jar]
[INFO] Simulation Engine                                                  [jar]
[INFO] 
[INFO] ----------------< com.simulation:behaviour-simulation >-----------------
[INFO] Building Behaviour Simulation Platform 1.0.0-SNAPSHOT              [1/4]
[INFO]   from pom.xml
[INFO] --------------------------------[ pom ]---------------------------------
[INFO] 
[INFO] --- clean:3.2.0:clean (default-clean) @ behaviour-simulation ---
[INFO] 
[INFO] -----------------------< com.simulation:common >------------------------
[INFO] Building Common Module 1.0.0-SNAPSHOT                              [2/4]
[INFO]   from common\pom.xml
[INFO] --------------------------------[ jar ]---------------------------------
[INFO] 
[INFO] --- clean:3.2.0:clean (default-clean) @ common ---
[INFO] Deleting E:\behaviour-simulation\common\target
[INFO] 
[INFO] --- resources:3.3.1:resources (default-resources) @ common ---
[INFO] skip non existing resourceDirectory E:\behaviour-simulation\common\src\main\resources
[INFO] 
[INFO] --- compiler:3.12.1:compile (default-compile) @ common ---
[INFO] Recompiling the module because of changed source code.
[INFO] Compiling 13 source files with javac [debug target 17] to target\classes
[INFO] 
[INFO] --- resources:3.3.1:testResources (default-testResources) @ common ---
[INFO] skip non existing resourceDirectory E:\behaviour-simulation\common\src\test\resources
[INFO] 
[INFO] --- compiler:3.12.1:testCompile (default-testCompile) @ common ---
[INFO] No sources to compile
[INFO] 
[INFO] --- surefire:3.2.3:test (default-test) @ common ---
[INFO] No tests to run.
[INFO] 
[INFO] --------------------< com.simulation:control-plane >--------------------
[INFO] Building Control Plane 1.0.0-SNAPSHOT                              [3/4]
[INFO]   from control-plane\pom.xml
[INFO] --------------------------------[ jar ]---------------------------------
[INFO] 
[INFO] --- clean:3.2.0:clean (default-clean) @ control-plane ---
[INFO] Deleting E:\behaviour-simulation\control-plane\target
[INFO] 
[INFO] --- resources:3.3.1:resources (default-resources) @ control-plane ---
[INFO] Copying 1 resource from src\main\resources to target\classes
[INFO] 
[INFO] --- compiler:3.12.1:compile (default-compile) @ control-plane ---
[INFO] Recompiling the module because of changed dependency.
[INFO] Compiling 10 source files with javac [debug target 17] to target\classes
[INFO] 
[INFO] --- resources:3.3.1:testResources (default-testResources) @ control-plane ---
[INFO] skip non existing resourceDirectory E:\behaviour-simulation\control-plane\src\test\resources
[INFO] 
[INFO] --- compiler:3.12.1:testCompile (default-testCompile) @ control-plane ---
[INFO] No sources to compile
[INFO] 
[INFO] --- surefire:3.2.3:test (default-test) @ control-plane ---
[INFO] No tests to run.
[INFO] 
[INFO] ------------------< com.simulation:simulation-engine >------------------
[INFO] Building Simulation Engine 1.0.0-SNAPSHOT                          [4/4]
[INFO]   from simulation-engine\pom.xml
[INFO] --------------------------------[ jar ]---------------------------------
[INFO] 
[INFO] --- clean:3.2.0:clean (default-clean) @ simulation-engine ---
[INFO] Deleting E:\behaviour-simulation\simulation-engine\target
[INFO] 
[INFO] --- resources:3.3.1:resources (default-resources) @ simulation-engine ---
[INFO] skip non existing resourceDirectory E:\behaviour-simulation\simulation-engine\src\main\resources
[INFO] 
[INFO] --- compiler:3.12.1:compile (default-compile) @ simulation-engine ---
[INFO] Recompiling the module because of changed dependency.
[INFO] Compiling 23 source files with javac [debug target 17] to target\classes
[INFO] 
[INFO] --- resources:3.3.1:testResources (default-testResources) @ simulation-engine ---
[INFO] skip non existing resourceDirectory E:\behaviour-simulation\simulation-engine\src\test\resources
[INFO] 
[INFO] --- compiler:3.12.1:testCompile (default-testCompile) @ simulation-engine ---
[INFO] Recompiling the module because of changed dependency.
[INFO] Compiling 1 source file with javac [debug target 17] to target\test-classes
[INFO] 
[INFO] --- surefire:3.2.3:test (default-test) @ simulation-engine ---
[INFO] Using auto detected provider org.apache.maven.surefire.junitplatform.JUnitPlatformProvider
[INFO] 
[INFO] -------------------------------------------------------
[INFO]  T E S T S
[INFO] -------------------------------------------------------
[INFO] Running com.simulation.spark.network.NetworkTopologyTest
[ERROR] Tests run: 1, Failures: 0, Errors: 1, Skipped: 0, Time elapsed: 3.512 s <<< FAILURE! -- in com.simulation.spark.network.NetworkTopologyTest
[ERROR] com.simulation.spark.network.NetworkTopologyTest -- Time elapsed: 3.512 s <<< ERROR!
java.lang.IllegalAccessError: class org.apache.spark.storage.StorageUtils$ (in unnamed module @0x290dbf45) cannot access class sun.nio.ch.DirectBuffer (in module java.base) because module java.base does not export sun.nio.ch to unnamed module @0x290dbf45
	at org.apache.spark.storage.StorageUtils$.<clinit>(StorageUtils.scala:213)
	at org.apache.spark.storage.BlockManagerMasterEndpoint.<init>(BlockManagerMasterEndpoint.scala:121)
	at org.apache.spark.SparkEnv$.$anonfun$create$9(SparkEnv.scala:358)
	at org.apache.spark.SparkEnv$.registerOrLookupEndpoint$1(SparkEnv.scala:295)
	at org.apache.spark.SparkEnv$.create(SparkEnv.scala:344)
	at org.apache.spark.SparkEnv$.createDriverEnv(SparkEnv.scala:196)
	at org.apache.spark.SparkContext.createSparkEnv(SparkContext.scala:284)
	at org.apache.spark.SparkContext.<init>(SparkContext.scala:483)
	at org.apache.spark.SparkContext$.getOrCreate(SparkContext.scala:2888)
	at org.apache.spark.sql.SparkSession$Builder.$anonfun$getOrCreate$2(SparkSession.scala:1099)
	at scala.Option.getOrElse(Option.scala:201)
	at org.apache.spark.sql.SparkSession$Builder.getOrCreate(SparkSession.scala:1093)
	at com.simulation.spark.network.NetworkTopologyTest.setup(NetworkTopologyTest.java:23)
	at java.base/java.lang.reflect.Method.invoke(Method.java:569)
	at java.base/java.util.ArrayList.forEach(ArrayList.java:1511)

[INFO] 
[INFO] Results:
[INFO] 
[ERROR] Errors: 
[ERROR]   NetworkTopologyTest.setup:23 ╗ IllegalAccess class org.apache.spark.storage.StorageUtils$ (in unnamed module @0x290dbf45) cannot access class sun.nio.ch.DirectBuffer (in module java.base) because module java.base does not export sun.nio.ch to unnamed module @0x290dbf45
[INFO] 
[ERROR] Tests run: 1, Failures: 0, Errors: 1, Skipped: 0
[INFO] 
[INFO] ------------------------------------------------------------------------
[INFO] Reactor Summary for Behaviour Simulation Platform 1.0.0-SNAPSHOT:
[INFO] 
[INFO] Behaviour Simulation Platform ...................... SUCCESS [  0.294 s]
[INFO] Common Module ...................................... SUCCESS [  5.903 s]
[INFO] Control Plane ...................................... SUCCESS [  7.273 s]
[INFO] Simulation Engine .................................. FAILURE [ 12.991 s]
[INFO] ------------------------------------------------------------------------
[INFO] BUILD FAILURE
[INFO] ------------------------------------------------------------------------
[INFO] Total time:  27.258 s
[INFO] Finished at: 2026-02-24T21:04:15+05:30
[INFO] ------------------------------------------------------------------------
[ERROR] Failed to execute goal org.apache.maven.plugins:maven-surefire-plugin:3.2.3:test (default-test) on project simulation-engine: 
[ERROR] 
[ERROR] Please refer to E:\behaviour-simulation\simulation-engine\target\surefire-reports for the individual test results.
[ERROR] Please refer to dump files (if any exist) [date].dump, [date]-jvmRun[N].dump and [date].dumpstream.
[ERROR] -> [Help 1]
[ERROR] 
[ERROR] To see the full stack trace of the errors, re-run Maven with the -e switch.
[ERROR] Re-run Maven using the -X switch to enable full debug logging.
[ERROR] 
[ERROR] For more information about the errors and possible solutions, please read the following articles:
[ERROR] [Help 1] http://cwiki.apache.org/confluence/display/MAVEN/MojoFailureException
[ERROR] 
[ERROR] After correcting the problems, you can resume the build with the command
[ERROR]   mvn <args> -rf :simulation-engine
